// Jest Snapshot v1, https://goo.gl/fbAQLP

exports[`CLI should return the expected output 1`] = `
"R1,O1,ACCEPTED,5
R1,O2,ACCEPTED,9
R1,O6,ACCEPTED,9
R1,O3,ACCEPTED,9
R1,O7,ACCEPTED,9
R1,O4,ACCEPTED,12
R1,O8,ACCEPTED,9
R1,O9,ACCEPTED,9
R1,O5,ACCEPTED,5
R1,O10,ACCEPTED,4
R1,O11,ACCEPTED,4
R1,O12,ACCEPTED,4
R1,TOTAL,29
R1,INVENTORY,73,161,151,78,80

"
`;
