// Jest Snapshot v1, https://goo.gl/fbAQLP

exports[`CLI should return the expected output 1`] = `
"R1,O1,ACCEPTED,5
R1,O2,ACCEPTED,10
R1,O6,ACCEPTED,12
R1,O3,ACCEPTED,13
R1,O7,ACCEPTED,15
R1,O4,ACCEPTED,17
R1,O8,ACCEPTED,19
R1,O9,ACCEPTED,20
R1,O5,REJECTED,0
R1,O10,ACCEPTED,20
R1,O11,ACCEPTED,17
R1,O12,ACCEPTED,9
R1,TOTAL,20
R1,INVENTORY,75,164,154,79,81
"
`;
